{
  _type: 'element',
  tags: null,
  links: null,
  _stage: 'layouted',
  sourcePath: 'views/travel-partner-ecosystem.c4',
  description: null,
  title: 'Travel Partner Ecosystem',
  id: 'travel_partner_ecosystem',
  autoLayout: {
    direction: 'TB',
    nodeSep: 120,
    rankSep: 160,
  },
  notation: {
    nodes: [
      {
        title: 'Partner connector',
        shape: 'component',
        color: 'partnerOwned',
        kinds: [
          'partnerConnector',
        ],
      },
      {
        title: 'Partner-hosted service',
        shape: 'component',
        color: 'partnerOwned',
        kinds: [
          'partnerService',
        ],
      },
      {
        title: 'Enterprise or business domain boundary',
        shape: 'rectangle',
        color: 'neutralBoundary',
        kinds: [
          'domain',
        ],
      },
      {
        title: 'External travel business partner',
        shape: 'rectangle',
        color: 'partnerOwned',
        kinds: [
          'externalPartner',
        ],
      },
      {
        title: 'Organization boundary',
        shape: 'rectangle',
        color: 'neutralBoundary',
        kinds: [
          'organization',
        ],
      },
      {
        title: 'Travel-owned system or platform',
        shape: 'rectangle',
        color: 'travelOwned',
        kinds: [
          'travelSystem',
        ],
      },
    ],
  },
  hash: 'rezyKVMC1HyUpPvlauqp0puOsODEX1UJ9wfPyGUZ3lI',
  bounds: {
    x: -24,
    y: -19,
    width: 4640,
    height: 1634,
  },
  nodes: [
    {
      id: 'amex',
      parent: null,
      level: 0,
      children: [
        'amex.travel.backendPlatforms.booking.platform',
      ],
      inEdges: [],
      outEdges: [
        'zn4wh9',
        '1xdrcrv',
        '1vqfs95',
        '14uptu1',
      ],
      title: 'American Express',
      modelRef: 'amex',
      shape: 'rectangle',
      color: 'neutralBoundary',
      style: {
        border: 'solid',
        opacity: 15,
        size: 'md',
      },
      description: {
        txt: 'Enterprise boundary. Use nested domains for ownership boundaries; do not place application components directly in this level.',
      },
      tags: [
        'enterprise',
      ],
      notation: 'Organization boundary',
      kind: 'organization',
      depth: 1,
      navigateTo: 'domain_context',
      x: 3504,
      y: 1,
      width: 420,
      height: 282,
      labelBBox: {
        x: 6,
        y: 0,
        width: 118,
        height: 15,
      },
      drifts: null,
    },
    {
      id: 'amex.travel.backendPlatforms.booking.platform',
      parent: 'amex',
      level: 1,
      children: [],
      inEdges: [],
      outEdges: [
        'zn4wh9',
        '1xdrcrv',
        '1vqfs95',
        '14uptu1',
      ],
      title: 'Booking Platform',
      modelRef: 'amex.travel.backendPlatforms.booking.platform',
      shape: 'rectangle',
      color: 'travelOwned',
      style: {
        opacity: 15,
        size: 'md',
      },
      description: {
        txt: 'Owns reservation creation, booking orchestration, payment handoff, and booking lifecycle events.',
      },
      tags: [
        'pci',
        'pii',
        'tier1',
        'travel',
      ],
      metadata: {
        owner: 'Travel Booking',
        criticality: 'Tier-1',
        dataClassification: 'Confidential / PCI',
        lifecycle: 'Strategic',
        repository: 'travel-booking-platform',
        techStack: 'Java, Spring Boot, Kafka, Redis, PostgreSQL',
      },
      notation: 'Travel-owned system or platform',
      kind: 'travelSystem',
      navigateTo: 'travel_booking_components',
      x: 3546,
      y: 61,
      width: 336,
      height: 180,
      labelBBox: {
        x: 18,
        y: 47,
        width: 301,
        height: 83,
      },
      drifts: null,
    },
    {
      id: 'external',
      parent: null,
      level: 0,
      children: [
        'external.partners',
      ],
      inEdges: [
        'zn4wh9',
        '1xdrcrv',
        '1vqfs95',
        '14uptu1',
      ],
      outEdges: [],
      title: 'External Ecosystem',
      modelRef: 'external',
      shape: 'rectangle',
      color: 'neutralBoundary',
      style: {
        border: 'solid',
        opacity: 15,
        size: 'md',
      },
      description: {
        txt: 'Boundary for third-party travel partners and technology vendors. Partners and vendors are intentionally modeled as separate categories.',
      },
      tags: [
        'external',
      ],
      notation: 'Organization boundary',
      kind: 'organization',
      depth: 3,
      navigateTo: 'external_ecosystem',
      x: -4,
      y: 368,
      width: 4600,
      height: 1227,
      labelBBox: {
        x: 6,
        y: 0,
        width: 135,
        height: 15,
      },
      drifts: null,
    },
    {
      id: 'external.partners',
      parent: 'external',
      level: 1,
      children: [
        'external.partners.iseatz',
        'external.partners.agoda',
        'external.partners.vervotech',
        'external.partners.derbySoft',
        'external.partners.arrivia',
        'external.partners.bookingPal',
        'external.partners.airbnb',
        'external.partners.expedia',
        'external.partners.carTrawler',
        'external.partners.rentalCarDirectConnect',
        'external.partners.spotnana',
        'external.partners.amadeus',
        'external.partners.getYourGuide',
        'external.partners.appleRetailStore',
        'external.partners.sabre',
      ],
      inEdges: [
        'zn4wh9',
        '1xdrcrv',
        '1vqfs95',
        '14uptu1',
      ],
      outEdges: [],
      title: 'Travel Partners',
      modelRef: 'external.partners',
      shape: 'rectangle',
      color: 'neutralBoundary',
      style: {
        border: 'dashed',
        opacity: 18,
        size: 'md',
      },
      description: {
        txt: 'External travel business partners. Keep this list intentionally small and add partners only when there is a confirmed integration or architecture decision.',
      },
      tags: [
        'external',
        'partner',
      ],
      notation: 'Enterprise or business domain boundary',
      kind: 'domain',
      depth: 2,
      x: 38,
      y: 428,
      width: 4516,
      height: 1125,
      labelBBox: {
        x: 6,
        y: 0,
        width: 112,
        height: 15,
      },
      drifts: null,
    },
    {
      id: 'external.partners.iseatz',
      parent: 'external.partners',
      level: 2,
      children: [
        'external.partners.iseatz.hotelConnector',
        'external.partners.iseatz.carConnector',
        'external.partners.iseatz.airConnector',
        'external.partners.iseatz.activitiesConnector',
        'external.partners.iseatz.supplierConnectors',
      ],
      inEdges: [
        'zn4wh9',
      ],
      outEdges: [
        'qltczt',
        'jhjhk3',
        '5ig9i9',
        'xtdp6k',
        '1prpkz9',
        '102klev',
        '1qw2o3z',
        'njlktn',
        'a1u8qs',
        '9lmqrl',
        '8y2xts',
      ],
      title: 'iSeatz',
      modelRef: 'external.partners.iseatz',
      shape: 'rectangle',
      color: 'partnerOwned',
      icon: 'file://./images/partners/iseatz.png',
      style: {
        opacity: 15,
        size: 'md',
      },
      description: {
        txt: 'Global Travel integrator and hosted booking experience partner for American Express. American Express Travel hosts the home page, then transfers control to iSeatz LXP when the customer searches. iSeatz manages search results through booking confirmation.',
      },
      tags: [
        'partner',
      ],
      metadata: {
        owner: 'External Partner',
        criticality: 'Tier-1',
        market: 'Global',
        integrationRole: 'Hosted search-results-to-confirmation experience and supplier integrator',
        controlBoundary: 'Amex home page to iSeatz search and booking journey',
        supplierRouting: 'US: Expedia for hotel/car. International: Agoda for hotel, CarTrawler for car. All markets: Spotnana for air, Spotnana to Sabre. Future: GetYourGuide for tours/activities/attractions.',
        dataClassification: 'Confidential / PCI',
        lifecycle: 'Strategic',
      },
      notation: 'External travel business partner',
      kind: 'externalPartner',
      depth: 1,
      navigateTo: 'iseatz_lxp_architecture',
      x: 886,
      y: 488,
      width: 2250,
      height: 282,
      labelBBox: {
        x: 6,
        y: 0,
        width: 43,
        height: 15,
      },
      drifts: null,
    },
    {
      id: 'external.partners.iseatz.hotelConnector',
      parent: 'external.partners.iseatz',
      level: 3,
      children: [],
      inEdges: [],
      outEdges: [
        'qltczt',
        '5ig9i9',
        '1qw2o3z',
        'njlktn',
      ],
      title: 'Hotel Connector',
      modelRef: 'external.partners.iseatz.hotelConnector',
      shape: 'component',
      color: 'partnerOwned',
      style: {
        opacity: 15,
        size: 'md',
      },
      tags: [
        'partner',
      ],
      notation: 'Partner connector',
      kind: 'partnerConnector',
      x: 928,
      y: 548,
      width: 330,
      height: 180,
      labelBBox: {
        x: 91,
        y: 76,
        width: 149,
        height: 24,
      },
      drifts: null,
    },
    {
      id: 'external.partners.iseatz.carConnector',
      parent: 'external.partners.iseatz',
      level: 3,
      children: [],
      inEdges: [],
      outEdges: [
        'jhjhk3',
        'xtdp6k',
        'a1u8qs',
      ],
      title: 'Car Connector',
      modelRef: 'external.partners.iseatz.carConnector',
      shape: 'component',
      color: 'partnerOwned',
      style: {
        opacity: 15,
        size: 'md',
      },
      tags: [
        'partner',
      ],
      notation: 'Partner connector',
      kind: 'partnerConnector',
      x: 1378,
      y: 548,
      width: 330,
      height: 180,
      labelBBox: {
        x: 98,
        y: 76,
        width: 134,
        height: 24,
      },
      drifts: null,
    },
    {
      id: 'external.partners.iseatz.airConnector',
      parent: 'external.partners.iseatz',
      level: 3,
      children: [],
      inEdges: [],
      outEdges: [
        '1prpkz9',
        '102klev',
      ],
      title: 'Air Connector',
      modelRef: 'external.partners.iseatz.airConnector',
      shape: 'component',
      color: 'partnerOwned',
      style: {
        opacity: 15,
        size: 'md',
      },
      tags: [
        'partner',
      ],
      notation: 'Partner connector',
      kind: 'partnerConnector',
      x: 1828,
      y: 548,
      width: 330,
      height: 180,
      labelBBox: {
        x: 102,
        y: 76,
        width: 126,
        height: 24,
      },
      drifts: null,
    },
    {
      id: 'external.partners.iseatz.activitiesConnector',
      parent: 'external.partners.iseatz',
      level: 3,
      children: [],
      inEdges: [],
      outEdges: [
        '9lmqrl',
      ],
      title: 'Activities Connector',
      modelRef: 'external.partners.iseatz.activitiesConnector',
      shape: 'component',
      color: 'partnerOwned',
      style: {
        opacity: 15,
        size: 'md',
      },
      tags: [
        'partner',
      ],
      notation: 'Partner connector',
      kind: 'partnerConnector',
      x: 2278,
      y: 548,
      width: 330,
      height: 180,
      labelBBox: {
        x: 75,
        y: 76,
        width: 181,
        height: 24,
      },
      drifts: null,
    },
    {
      id: 'external.partners.iseatz.supplierConnectors',
      parent: 'external.partners.iseatz',
      level: 3,
      children: [],
      inEdges: [],
      outEdges: [
        '8y2xts',
      ],
      title: 'Supplier Connectors',
      modelRef: 'external.partners.iseatz.supplierConnectors',
      shape: 'component',
      color: 'partnerOwned',
      style: {
        opacity: 15,
        size: 'md',
      },
      description: {
        txt: 'iSeatz supplier connector layer. Routes US hotel/car to Expedia, international hotel to Agoda, international car to CarTrawler, and air for all markets to Spotnana.',
      },
      tags: [
        'partner',
      ],
      notation: 'Partner-hosted service',
      kind: 'partnerService',
      x: 2728,
      y: 548,
      width: 366,
      height: 180,
      labelBBox: {
        x: 38,
        y: 38,
        width: 291,
        height: 101,
      },
      drifts: null,
    },
    {
      id: 'external.partners.agoda',
      parent: 'external.partners',
      level: 2,
      children: [],
      inEdges: [
        '5ig9i9',
      ],
      outEdges: [],
      title: 'Agoda',
      modelRef: 'external.partners.agoda',
      shape: 'rectangle',
      color: 'partnerOwned',
      icon: 'file://./images/partners/agoda.png',
      style: {
        opacity: 15,
        size: 'md',
      },
      description: {
        txt: 'International downstream hotel supplier reached through iSeatz.',
      },
      tags: [
        'partner',
      ],
      metadata: {
        owner: 'External Partner',
        market: 'International',
        integrationRole: 'International hotel supplier behind iSeatz',
        productLines: 'Hotel',
        integratedThrough: 'iSeatz',
        lifecycle: 'Strategic',
      },
      notation: 'External travel business partner',
      kind: 'externalPartner',
      x: 80,
      y: 948,
      width: 340,
      height: 180,
      labelBBox: {
        x: 46,
        y: 56,
        width: 278,
        height: 65,
      },
      drifts: null,
    },
    {
      id: 'external.partners.vervotech',
      parent: 'external.partners',
      level: 2,
      children: [],
      inEdges: [
        '1qw2o3z',
      ],
      outEdges: [],
      title: 'Vervotech',
      modelRef: 'external.partners.vervotech',
      shape: 'rectangle',
      color: 'partnerOwned',
      icon: 'file://./images/partners/vervotech.png',
      style: {
        opacity: 15,
        size: 'md',
      },
      description: {
        txt: 'Future hotel deduplication capability for international markets, including Agoda and Expedia Group hotel supply.',
      },
      tags: [
        'partner',
      ],
      metadata: {
        owner: 'External Partner',
        market: 'International',
        integrationRole: 'Hotel deduplication',
        productLines: 'Hotel',
        integratedThrough: 'iSeatz',
        lifecycle: 'Future',
        timing: 'Q3 2026',
      },
      notation: 'External travel business partner',
      kind: 'externalPartner',
      x: 520,
      y: 948,
      width: 321,
      height: 180,
      labelBBox: {
        x: 46,
        y: 38,
        width: 260,
        height: 101,
      },
      drifts: null,
    },
    {
      id: 'external.partners.derbySoft',
      parent: 'external.partners',
      level: 2,
      children: [],
      inEdges: [
        'njlktn',
      ],
      outEdges: [],
      title: 'DerbySoft',
      modelRef: 'external.partners.derbySoft',
      shape: 'rectangle',
      color: 'partnerOwned',
      icon: 'file://./images/partners/derbysoft.png',
      style: {
        opacity: 15,
        size: 'md',
      },
      description: {
        txt: 'Future direct connectivity to hotel CRS through switch connectivity.',
      },
      tags: [
        'partner',
      ],
      metadata: {
        owner: 'External Partner',
        market: 'Global',
        integrationRole: 'Hotel CRS switch connectivity',
        productLines: 'Hotel',
        integratedThrough: 'iSeatz',
        lifecycle: 'Future',
        timing: 'Q3 2026',
      },
      notation: 'External travel business partner',
      kind: 'externalPartner',
      x: 964,
      y: 948,
      width: 344,
      height: 180,
      labelBBox: {
        x: 46,
        y: 56,
        width: 282,
        height: 65,
      },
      drifts: null,
    },
    {
      id: 'external.partners.arrivia',
      parent: 'external.partners',
      level: 2,
      children: [],
      inEdges: [
        '1xdrcrv',
      ],
      outEdges: [],
      title: 'Arrivia',
      modelRef: 'external.partners.arrivia',
      shape: 'rectangle',
      color: 'partnerOwned',
      icon: 'file://./images/partners/arrivia.png',
      style: {
        opacity: 15,
        size: 'md',
      },
      description: {
        txt: 'Online booking partner used by Amex Travel Booking Platform for cruise bookings.',
      },
      tags: [
        'partner',
      ],
      metadata: {
        owner: 'External Partner',
        market: 'Online',
        integrationRole: 'Cruise booking partner',
        productLines: 'Cruise',
        integratedThrough: 'Amex Travel Booking Platform',
        lifecycle: 'Strategic',
      },
      notation: 'External travel business partner',
      kind: 'externalPartner',
      x: 3215,
      y: 548,
      width: 375,
      height: 180,
      labelBBox: {
        x: 47,
        y: 47,
        width: 313,
        height: 83,
      },
      drifts: null,
    },
    {
      id: 'external.partners.bookingPal',
      parent: 'external.partners',
      level: 2,
      children: [],
      inEdges: [
        '1vqfs95',
      ],
      outEdges: [],
      title: 'BookingPal',
      modelRef: 'external.partners.bookingPal',
      shape: 'rectangle',
      color: 'partnerOwned',
      icon: 'file://./images/partners/bookingpal.webp',
      style: {
        opacity: 15,
        size: 'md',
      },
      description: {
        txt: 'Online vacation-rental marketplace integrator used by Amex Travel Booking Platform for VRM vacation rental inventory.',
      },
      tags: [
        'partner',
      ],
      metadata: {
        owner: 'External Partner',
        market: 'Online',
        integrationRole: 'Vacation rental / VRM inventory integrator',
        productLines: 'Vacation Rental',
        integratedThrough: 'Amex Travel Booking Platform',
        lifecycle: 'Strategic',
      },
      notation: 'External travel business partner',
      kind: 'externalPartner',
      x: 3672,
      y: 548,
      width: 357,
      height: 180,
      labelBBox: {
        x: 46,
        y: 38,
        width: 296,
        height: 101,
      },
      drifts: null,
    },
    {
      id: 'external.partners.airbnb',
      parent: 'external.partners',
      level: 2,
      children: [],
      inEdges: [
        '14uptu1',
      ],
      outEdges: [],
      title: 'Airbnb',
      modelRef: 'external.partners.airbnb',
      shape: 'rectangle',
      color: 'partnerOwned',
      icon: 'file://./images/partners/airbnb.svg',
      style: {
        opacity: 15,
        size: 'md',
      },
      description: {
        txt: 'Future vacation-rental inventory integration for Amex Travel Booking Platform.',
      },
      tags: [
        'partner',
      ],
      metadata: {
        owner: 'External Partner',
        market: 'Online',
        integrationRole: 'Future vacation rental inventory partner',
        productLines: 'Vacation Rental',
        integratedThrough: 'Amex Travel Booking Platform',
        lifecycle: 'Future',
      },
      notation: 'External travel business partner',
      kind: 'externalPartner',
      x: 4150,
      y: 548,
      width: 362,
      height: 180,
      labelBBox: {
        x: 46,
        y: 47,
        width: 300,
        height: 83,
      },
      drifts: null,
    },
    {
      id: 'external.partners.expedia',
      parent: 'external.partners',
      level: 2,
      children: [],
      inEdges: [
        'qltczt',
        'jhjhk3',
      ],
      outEdges: [],
      title: 'Expedia Group',
      modelRef: 'external.partners.expedia',
      shape: 'rectangle',
      color: 'partnerOwned',
      icon: 'file://./images/partners/expedia-group.svg',
      style: {
        opacity: 15,
        size: 'md',
      },
      description: {
        txt: 'US-market downstream supplier reached through iSeatz for car and hotel inventory and booking.',
      },
      tags: [
        'partner',
      ],
      metadata: {
        owner: 'External Partner',
        market: 'US',
        integrationRole: 'US car and hotel supplier behind iSeatz',
        productLines: 'Car, Hotel',
        integratedThrough: 'iSeatz',
        lifecycle: 'Strategic',
      },
      notation: 'External travel business partner',
      kind: 'externalPartner',
      x: 1404,
      y: 948,
      width: 355,
      height: 180,
      labelBBox: {
        x: 47,
        y: 47,
        width: 293,
        height: 83,
      },
      drifts: null,
    },
    {
      id: 'external.partners.carTrawler',
      parent: 'external.partners',
      level: 2,
      children: [],
      inEdges: [
        'xtdp6k',
      ],
      outEdges: [],
      title: 'CarTrawler',
      modelRef: 'external.partners.carTrawler',
      shape: 'rectangle',
      color: 'partnerOwned',
      icon: 'file://./images/partners/cartrawler.png',
      style: {
        opacity: 15,
        size: 'md',
      },
      description: {
        txt: 'International downstream car supplier reached through iSeatz.',
      },
      tags: [
        'partner',
      ],
      metadata: {
        owner: 'External Partner',
        market: 'International',
        integrationRole: 'International car supplier behind iSeatz',
        productLines: 'Car',
        integratedThrough: 'iSeatz',
        lifecycle: 'Strategic',
      },
      notation: 'External travel business partner',
      kind: 'externalPartner',
      x: 1892,
      y: 948,
      width: 340,
      height: 180,
      labelBBox: {
        x: 46,
        y: 56,
        width: 278,
        height: 65,
      },
      drifts: null,
    },
    {
      id: 'external.partners.rentalCarDirectConnect',
      parent: 'external.partners',
      level: 2,
      children: [],
      inEdges: [
        'a1u8qs',
      ],
      outEdges: [],
      title: 'Rental Car Direct Connectivity',
      modelRef: 'external.partners.rentalCarDirectConnect',
      shape: 'rectangle',
      color: 'partnerOwned',
      icon: 'bootstrap:car-front-fill',
      style: {
        opacity: 15,
        size: 'md',
      },
      description: {
        txt: 'Future direct connectivity to rental car CRS providers such as Avis/Budget, Hertz, Enterprise, and National.',
      },
      tags: [
        'partner',
      ],
      metadata: {
        owner: 'External Partner',
        market: 'Global',
        integrationRole: 'Direct rental car CRS connectivity',
        productLines: 'Car',
        integratedThrough: 'iSeatz',
        lifecycle: 'Future',
        timing: 'Q2/Q3 2026',
      },
      notation: 'External travel business partner',
      kind: 'externalPartner',
      x: 2360,
      y: 948,
      width: 391,
      height: 180,
      labelBBox: {
        x: 46,
        y: 38,
        width: 330,
        height: 101,
      },
      drifts: null,
    },
    {
      id: 'external.partners.spotnana',
      parent: 'external.partners',
      level: 2,
      children: [],
      inEdges: [
        '1prpkz9',
      ],
      outEdges: [
        '16ka0np',
      ],
      title: 'Spotnana',
      modelRef: 'external.partners.spotnana',
      shape: 'rectangle',
      color: 'partnerOwned',
      icon: 'file://./images/partners/spotnana.png',
      style: {
        opacity: 15,
        size: 'md',
      },
      description: {
        txt: 'Global downstream air supplier reached through iSeatz. Spotnana integrates onward to Sabre.',
      },
      tags: [
        'partner',
      ],
      metadata: {
        owner: 'External Partner',
        market: 'Global',
        integrationRole: 'Global air supplier behind iSeatz',
        productLines: 'Air',
        integratedThrough: 'iSeatz',
        lifecycle: 'Strategic',
      },
      notation: 'External travel business partner',
      kind: 'externalPartner',
      x: 2806,
      y: 948,
      width: 351,
      height: 180,
      labelBBox: {
        x: 46,
        y: 47,
        width: 290,
        height: 83,
      },
      drifts: null,
    },
    {
      id: 'external.partners.amadeus',
      parent: 'external.partners',
      level: 2,
      children: [],
      inEdges: [
        '102klev',
      ],
      outEdges: [],
      title: 'Amadeus',
      modelRef: 'external.partners.amadeus',
      shape: 'rectangle',
      color: 'partnerOwned',
      icon: 'file://./images/partners/amadeus.png',
      style: {
        opacity: 15,
        size: 'md',
      },
      description: {
        txt: 'Desired future LXP GDS partner for air capabilities.',
      },
      tags: [
        'partner',
      ],
      metadata: {
        owner: 'External Partner',
        market: 'Global',
        integrationRole: 'Future desired GDS partner',
        productLines: 'Air',
        integratedThrough: 'iSeatz',
        lifecycle: 'Future',
        timing: 'TBD',
      },
      notation: 'External travel business partner',
      kind: 'externalPartner',
      x: 3276,
      y: 948,
      width: 360,
      height: 180,
      labelBBox: {
        x: 46,
        y: 56,
        width: 298,
        height: 65,
      },
      drifts: null,
    },
    {
      id: 'external.partners.getYourGuide',
      parent: 'external.partners',
      level: 2,
      children: [],
      inEdges: [
        '9lmqrl',
      ],
      outEdges: [],
      title: 'GetYourGuide',
      modelRef: 'external.partners.getYourGuide',
      shape: 'rectangle',
      color: 'partnerOwned',
      icon: 'file://./images/partners/getyourguide.png',
      style: {
        opacity: 15,
        size: 'md',
      },
      description: {
        txt: 'Future downstream supplier for tours, activities, and attractions through iSeatz.',
      },
      tags: [
        'partner',
      ],
      metadata: {
        owner: 'External Partner',
        market: 'Global',
        integrationRole: 'Future tours, activities, and attractions supplier behind iSeatz',
        productLines: 'Tours, Activities, Attractions',
        integratedThrough: 'iSeatz',
        lifecycle: 'Future',
      },
      notation: 'External travel business partner',
      kind: 'externalPartner',
      x: 3716,
      y: 948,
      width: 331,
      height: 180,
      labelBBox: {
        x: 46,
        y: 47,
        width: 270,
        height: 83,
      },
      drifts: null,
    },
    {
      id: 'external.partners.appleRetailStore',
      parent: 'external.partners',
      level: 2,
      children: [],
      inEdges: [
        '8y2xts',
      ],
      outEdges: [],
      title: 'Apple Retail Store',
      modelRef: 'external.partners.appleRetailStore',
      shape: 'rectangle',
      color: 'partnerOwned',
      icon: 'file://./images/partners/apple.svg',
      style: {
        opacity: 15,
        size: 'md',
      },
      description: {
        txt: 'Future Apple Retail Store integration opportunity.',
      },
      tags: [
        'partner',
      ],
      metadata: {
        owner: 'External Partner',
        market: 'Global',
        integrationRole: 'Future Apple Retail Store integration',
        productLines: 'Retail',
        integratedThrough: 'iSeatz',
        lifecycle: 'Future',
        timing: 'TBD',
      },
      notation: 'External travel business partner',
      kind: 'externalPartner',
      x: 4156,
      y: 948,
      width: 320,
      height: 180,
      labelBBox: {
        x: 60,
        y: 56,
        width: 230,
        height: 65,
      },
      drifts: null,
    },
    {
      id: 'external.partners.sabre',
      parent: 'external.partners',
      level: 2,
      children: [],
      inEdges: [
        '16ka0np',
      ],
      outEdges: [],
      title: 'Sabre',
      modelRef: 'external.partners.sabre',
      shape: 'rectangle',
      color: 'partnerOwned',
      icon: 'file://./images/partners/sabre.png',
      style: {
        opacity: 15,
        size: 'md',
      },
      description: {
        txt: 'Global distribution system used downstream by Spotnana for air content and booking.',
      },
      tags: [
        'partner',
      ],
      metadata: {
        owner: 'External Partner',
        market: 'Global',
        integrationRole: 'Current GDS behind Spotnana',
        productLines: 'Air',
        integratedThrough: 'Spotnana',
        lifecycle: 'Strategic',
      },
      notation: 'External travel business partner',
      kind: 'externalPartner',
      x: 2804,
      y: 1331,
      width: 336,
      height: 180,
      labelBBox: {
        x: 46,
        y: 47,
        width: 274,
        height: 83,
      },
      drifts: null,
    },
  ],
  edges: [
    {
      id: 'qltczt',
      parent: 'external.partners',
      source: 'external.partners.iseatz.hotelConnector',
      target: 'external.partners.expedia',
      label: 'Shop and book US hotel',
      relations: [
        '1epk0go',
      ],
      color: 'gray',
      line: 'solid',
      head: 'normal',
      technology: 'Expedia partner integration',
      kind: 'vendorIntegration',
      points: [
        [
          1203,
          728,
        ],
        [
          1283,
          791,
        ],
        [
          1389,
          877,
        ],
        [
          1470,
          942,
        ],
      ],
      labelBBox: {
        x: 1371,
        y: 817,
        width: 161,
        height: 39,
      },
      drifts: null,
      isLabelCustomized: false,
      controlPoints: null,
    },
    {
      id: 'jhjhk3',
      parent: 'external.partners',
      source: 'external.partners.iseatz.carConnector',
      target: 'external.partners.expedia',
      label: 'Shop and book US car',
      relations: [
        '1fy8r3n',
      ],
      color: 'gray',
      line: 'solid',
      head: 'normal',
      technology: 'Expedia partner integration',
      kind: 'vendorIntegration',
      points: [
        [
          1568,
          728,
        ],
        [
          1574,
          753,
        ],
        [
          1580,
          782,
        ],
        [
          1583,
          808,
        ],
        [
          1588,
          850,
        ],
        [
          1590,
          897,
        ],
        [
          1590,
          938,
        ],
      ],
      labelBBox: {
        x: 1589,
        y: 817,
        width: 161,
        height: 39,
      },
      drifts: null,
      isLabelCustomized: false,
      controlPoints: null,
    },
    {
      id: '5ig9i9',
      parent: 'external.partners',
      source: 'external.partners.iseatz.hotelConnector',
      target: 'external.partners.agoda',
      label: 'Shop and book international hotel',
      relations: [
        '117pmsz',
      ],
      color: 'gray',
      line: 'solid',
      head: 'normal',
      technology: 'Agoda partner integration',
      kind: 'vendorIntegration',
      points: [
        [
          928,
          665,
        ],
        [
          804,
          689,
        ],
        [
          632,
          733,
        ],
        [
          496,
          808,
        ],
        [
          434,
          842,
        ],
        [
          374,
          895,
        ],
        [
          327,
          941,
        ],
      ],
      labelBBox: {
        x: 497,
        y: 817,
        width: 213,
        height: 39,
      },
      drifts: null,
      isLabelCustomized: false,
      controlPoints: null,
    },
    {
      id: 'xtdp6k',
      parent: 'external.partners',
      source: 'external.partners.iseatz.carConnector',
      target: 'external.partners.carTrawler',
      label: 'Shop and book international car',
      relations: [
        '19kg9zj',
      ],
      color: 'gray',
      line: 'solid',
      head: 'normal',
      technology: 'CarTrawler partner integration',
      kind: 'vendorIntegration',
      points: [
        [
          1672,
          728,
        ],
        [
          1708,
          753,
        ],
        [
          1747,
          781,
        ],
        [
          1782,
          808,
        ],
        [
          1838,
          851,
        ],
        [
          1900,
          900,
        ],
        [
          1951,
          941,
        ],
      ],
      labelBBox: {
        x: 1854,
        y: 817,
        width: 202,
        height: 39,
      },
      drifts: null,
      isLabelCustomized: false,
      controlPoints: null,
    },
    {
      id: '1prpkz9',
      parent: 'external.partners',
      source: 'external.partners.iseatz.airConnector',
      target: 'external.partners.spotnana',
      label: 'Shop and book air for all markets',
      relations: [
        '1ug9xep',
      ],
      color: 'gray',
      line: 'solid',
      head: 'normal',
      technology: 'Spotnana air integration',
      kind: 'vendorIntegration',
      points: [
        [
          2130,
          728,
        ],
        [
          2158,
          743,
        ],
        [
          2189,
          758,
        ],
        [
          2218,
          768,
        ],
        [
          2322,
          805,
        ],
        [
          2357,
          777,
        ],
        [
          2463,
          808,
        ],
        [
          2579,
          842,
        ],
        [
          2703,
          897,
        ],
        [
          2800,
          944,
        ],
      ],
      labelBBox: {
        x: 2625,
        y: 817,
        width: 209,
        height: 39,
      },
      drifts: null,
      isLabelCustomized: false,
      controlPoints: null,
    },
    {
      id: '16ka0np',
      parent: 'external.partners',
      source: 'external.partners.spotnana',
      target: 'external.partners.sabre',
      label: 'Search and reserve air inventory',
      relations: [
        'zl7a3k',
      ],
      color: 'gray',
      line: 'solid',
      head: 'normal',
      technology: 'Sabre / GDS',
      kind: 'vendorIntegration',
      points: [
        [
          2981,
          1128,
        ],
        [
          2981,
          1186,
        ],
        [
          2981,
          1261,
        ],
        [
          2981,
          1321,
        ],
      ],
      labelBBox: {
        x: 2982,
        y: 1209,
        width: 206,
        height: 39,
      },
      drifts: null,
      isLabelCustomized: false,
      controlPoints: null,
    },
    {
      id: '102klev',
      parent: 'external.partners',
      source: 'external.partners.iseatz.airConnector',
      target: 'external.partners.amadeus',
      label: 'Future desired GDS air capabilities',
      relations: [
        'ub1y0h',
      ],
      color: 'gray',
      line: 'solid',
      head: 'normal',
      technology: 'Future Amadeus integration / TBD',
      kind: 'vendorIntegration',
      points: [
        [
          2125,
          728,
        ],
        [
          2154,
          744,
        ],
        [
          2186,
          759,
        ],
        [
          2218,
          768,
        ],
        [
          2494,
          851,
        ],
        [
          2584,
          745,
        ],
        [
          2866,
          808,
        ],
        [
          3029,
          845,
        ],
        [
          3061,
          885,
        ],
        [
          3216,
          948,
        ],
        [
          3232,
          955,
        ],
        [
          3250,
          962,
        ],
        [
          3267,
          968,
        ],
      ],
      labelBBox: {
        x: 3039,
        y: 817,
        width: 221,
        height: 39,
      },
      drifts: null,
      isLabelCustomized: false,
      controlPoints: null,
    },
    {
      id: '1qw2o3z',
      parent: 'external.partners',
      source: 'external.partners.iseatz.hotelConnector',
      target: 'external.partners.vervotech',
      label: 'Future hotel deduplication',
      relations: [
        'aeb0ew',
      ],
      color: 'gray',
      line: 'solid',
      head: 'normal',
      technology: 'Future Vervotech integration / Q3 2026',
      kind: 'vendorIntegration',
      points: [
        [
          928,
          702,
        ],
        [
          876,
          728,
        ],
        [
          820,
          764,
        ],
        [
          780,
          808,
        ],
        [
          746,
          845,
        ],
        [
          723,
          895,
        ],
        [
          708,
          938,
        ],
      ],
      labelBBox: {
        x: 781,
        y: 817,
        width: 218,
        height: 39,
      },
      drifts: null,
      isLabelCustomized: false,
      controlPoints: null,
    },
    {
      id: 'njlktn',
      parent: 'external.partners',
      source: 'external.partners.iseatz.hotelConnector',
      target: 'external.partners.derbySoft',
      label: 'Future hotel CRS switch connectivity',
      relations: [
        '13gri5v',
      ],
      color: 'gray',
      line: 'solid',
      head: 'normal',
      technology: 'Future DerbySoft integration / Q3 2026',
      kind: 'vendorIntegration',
      points: [
        [
          1050,
          728,
        ],
        [
          1034,
          770,
        ],
        [
          1024,
          822,
        ],
        [
          1035,
          868,
        ],
        [
          1041,
          892,
        ],
        [
          1051,
          916,
        ],
        [
          1062,
          939,
        ],
      ],
      labelBBox: {
        x: 1036,
        y: 817,
        width: 232,
        height: 39,
      },
      drifts: null,
      isLabelCustomized: false,
      controlPoints: null,
    },
    {
      id: 'a1u8qs',
      parent: 'external.partners',
      source: 'external.partners.iseatz.carConnector',
      target: 'external.partners.rentalCarDirectConnect',
      label: 'Future rental car CRS direct \nconnectivity',
      relations: [
        '11dehz1',
      ],
      color: 'gray',
      line: 'solid',
      head: 'normal',
      technology: 'Future direct connect / Q2-Q3 2026',
      kind: 'vendorIntegration',
      points: [
        [
          1678,
          728,
        ],
        [
          1707,
          743,
        ],
        [
          1738,
          758,
        ],
        [
          1768,
          768,
        ],
        [
          1904,
          813,
        ],
        [
          1951,
          765,
        ],
        [
          2087,
          808,
        ],
        [
          2189,
          840,
        ],
        [
          2294,
          895,
        ],
        [
          2376,
          943,
        ],
      ],
      labelBBox: {
        x: 2226,
        y: 809,
        width: 206,
        height: 56,
      },
      drifts: null,
      isLabelCustomized: false,
      controlPoints: null,
    },
    {
      id: '9lmqrl',
      parent: 'external.partners',
      source: 'external.partners.iseatz.activitiesConnector',
      target: 'external.partners.getYourGuide',
      label: 'Future tours, activities, and \nattractions',
      relations: [
        '77yczk',
      ],
      color: 'gray',
      line: 'solid',
      head: 'normal',
      technology: 'Future GetYourGuide integration',
      kind: 'vendorIntegration',
      points: [
        [
          2574,
          728,
        ],
        [
          2604,
          744,
        ],
        [
          2636,
          759,
        ],
        [
          2668,
          768,
        ],
        [
          2856,
          823,
        ],
        [
          3361,
          745,
        ],
        [
          3546,
          808,
        ],
        [
          3629,
          836,
        ],
        [
          3710,
          892,
        ],
        [
          3771,
          941,
        ],
      ],
      labelBBox: {
        x: 3665,
        y: 809,
        width: 191,
        height: 56,
      },
      drifts: null,
      isLabelCustomized: false,
      controlPoints: null,
    },
    {
      id: '8y2xts',
      parent: 'external.partners',
      source: 'external.partners.iseatz.supplierConnectors',
      target: 'external.partners.appleRetailStore',
      label: 'Future Apple Retail Store integration',
      relations: [
        '1tztev4',
      ],
      color: 'gray',
      line: 'solid',
      head: 'normal',
      technology: 'Future integration / TBD',
      kind: 'vendorIntegration',
      points: [
        [
          3018,
          728,
        ],
        [
          3043,
          744,
        ],
        [
          3070,
          759,
        ],
        [
          3098,
          768,
        ],
        [
          3281,
          830,
        ],
        [
          3781,
          749,
        ],
        [
          3965,
          808,
        ],
        [
          4052,
          836,
        ],
        [
          4139,
          892,
        ],
        [
          4204,
          942,
        ],
      ],
      labelBBox: {
        x: 4091,
        y: 817,
        width: 230,
        height: 39,
      },
      drifts: null,
      isLabelCustomized: false,
      controlPoints: null,
    },
    {
      id: '1xdrcrv',
      parent: null,
      source: 'amex.travel.backendPlatforms.booking.platform',
      target: 'external.partners.arrivia',
      label: 'Shop and book cruises',
      relations: [
        'ldbjrd',
      ],
      color: 'gray',
      line: 'solid',
      head: 'normal',
      technology: 'Arrivia partner integration',
      kind: 'vendorIntegration',
      points: [
        [
          3577,
          363,
        ],
        [
          3538,
          425,
        ],
      ],
      labelBBox: {
        x: 3577,
        y: 363,
        width: 152,
        height: 39,
      },
      controlPoints: [
        {
          x: 3577,
          y: 363,
        },
        {
          x: 3538,
          y: 425,
        },
      ],
      isLabelCustomized: false,
    },
    {
      id: '1vqfs95',
      parent: null,
      source: 'amex.travel.backendPlatforms.booking.platform',
      target: 'external.partners.bookingPal',
      label: 'Shop and book vacation rentals',
      relations: [
        'f5ivwq',
      ],
      color: 'gray',
      line: 'solid',
      head: 'normal',
      technology: 'BookingPal VRM integration',
      kind: 'vendorIntegration',
      points: [
        [
          3773,
          363,
        ],
        [
          3790,
          425,
        ],
      ],
      labelBBox: {
        x: 3773,
        y: 363,
        width: 200,
        height: 39,
      },
      controlPoints: [
        {
          x: 3773,
          y: 363,
        },
        {
          x: 3790,
          y: 425,
        },
      ],
      isLabelCustomized: false,
    },
    {
      id: '14uptu1',
      parent: null,
      source: 'amex.travel.backendPlatforms.booking.platform',
      target: 'external.partners.airbnb',
      label: 'Future vacation rental inventory',
      relations: [
        'ih212d',
      ],
      color: 'gray',
      line: 'solid',
      head: 'normal',
      technology: 'Future Airbnb integration',
      kind: 'vendorIntegration',
      points: [
        [
          3983,
          363,
        ],
        [
          4061,
          425,
        ],
      ],
      labelBBox: {
        x: 3983,
        y: 363,
        width: 200,
        height: 39,
      },
      controlPoints: [
        {
          x: 3983,
          y: 363,
        },
        {
          x: 4061,
          y: 425,
        },
      ],
      isLabelCustomized: false,
    },
    {
      id: 'zn4wh9',
      parent: null,
      source: 'amex.travel.backendPlatforms.booking.platform',
      target: 'external.partners.iseatz',
      label: 'Shop and book core travel products',
      relations: [
        '1isksx8',
      ],
      color: 'gray',
      line: 'solid',
      head: 'normal',
      technology: 'iSeatz LXP / partner integration',
      kind: 'vendorIntegration',
      points: [
        [
          3132,
          314,
        ],
        [
          2926,
          372,
        ],
      ],
      labelBBox: {
        x: 3132,
        y: 314,
        width: 225,
        height: 39,
      },
      controlPoints: [
        {
          x: 3132,
          y: 314,
        },
        {
          x: 2926,
          y: 372,
        },
      ],
      isLabelCustomized: false,
    },
  ],
  _layout: 'manual',
}
